// Jest Snapshot v1, https://goo.gl/fbAQLP

exports[`computeKitchenReportData matches snapshot 1`] = `
{
  "bakery": [
    {
      "count": 2,
      "dish": "Queque de platano",
      "instructions": {},
      "label": "DESAYUNO",
      "noDar": [
        "Carmen Tapia",
      ],
    },
    {
      "count": 2,
      "dish": "Flan de chocolate",
      "instructions": {},
      "label": "MEDIA MAÑANA",
      "noDar": [
        "Carmen Tapia",
      ],
    },
    {
      "count": 2,
      "dish": "Manzana asada con canela",
      "instructions": {},
      "label": "MERIENDA TARDE",
      "noDar": [
        "Carmen Tapia",
      ],
    },
  ],
  "dateText": "FECHA: 04 – JUNIO – 2026",
  "hiperproteico": [
    "Jorge Rengel",
  ],
  "mainMeals": [
    {
      "count": 3,
      "dish": "Boloñesa con caracolitos",
      "instructions": {},
      "label": "ALMUERZO",
      "noDar": [],
    },
    {
      "count": 3,
      "dish": "Vainitas con zuccini",
      "instructions": {},
      "label": "ENSALADA",
      "noDar": [],
    },
    {
      "count": 3,
      "dish": "Tortilla de coliflor con yuca",
      "instructions": {},
      "label": "CENA",
      "noDar": [],
    },
  ],
  "totalClients": 3,
}
`;
